Archive member included to satisfy reference by file (symbol)

/Applications/MCUXpressoIDE_10.3.1_2233/ide/plugins/com.nxp.mcuxpresso.tools.macosx_10.3.0.201811011841/tools/bin/../lib/gcc/arm-none-eabi/7.3.1/../../../../arm-none-eabi/lib/thumb/v7-m/libcr_c.a(memcpy.o)
                              ./src/webserver/httpd.o (memcpy)
/Applications/MCUXpressoIDE_10.3.1_2233/ide/plugins/com.nxp.mcuxpresso.tools.macosx_10.3.0.201811011841/tools/bin/../lib/gcc/arm-none-eabi/7.3.1/../../../../arm-none-eabi/lib/thumb/v7-m/libcr_c.a(memmove.o)
                              ./src/TCP/FreeRTOS_IP.o (memmove)
/Applications/MCUXpressoIDE_10.3.1_2233/ide/plugins/com.nxp.mcuxpresso.tools.macosx_10.3.0.201811011841/tools/bin/../lib/gcc/arm-none-eabi/7.3.1/../../../../arm-none-eabi/lib/thumb/v7-m/libcr_c.a(memset.o)
                              ./src/webserver/uIP_Task.o (memset)
/Applications/MCUXpressoIDE_10.3.1_2233/ide/plugins/com.nxp.mcuxpresso.tools.macosx_10.3.0.201811011841/tools/bin/../lib/gcc/arm-none-eabi/7.3.1/../../../../arm-none-eabi/lib/thumb/v7-m/libcr_c.a(__weak__main.o)
                              ./src/cr_startup_lpc17.o (__main)
/Applications/MCUXpressoIDE_10.3.1_2233/ide/plugins/com.nxp.mcuxpresso.tools.macosx_10.3.0.201811011841/tools/bin/../lib/gcc/arm-none-eabi/7.3.1/../../../../arm-none-eabi/lib/thumb/v7-m/libcr_c.a(alloc.o)
                              ./src/webserver/uIP_Task.o (malloc)
/Applications/MCUXpressoIDE_10.3.1_2233/ide/plugins/com.nxp.mcuxpresso.tools.macosx_10.3.0.201811011841/tools/bin/../lib/gcc/arm-none-eabi/7.3.1/../../../../arm-none-eabi/lib/thumb/v7-m/libcr_c.a(memcmp.o)
                              ./src/webserver/uIP_Task.o (memcmp)
/Applications/MCUXpressoIDE_10.3.1_2233/ide/plugins/com.nxp.mcuxpresso.tools.macosx_10.3.0.201811011841/tools/bin/../lib/gcc/arm-none-eabi/7.3.1/../../../../arm-none-eabi/lib/thumb/v7-m/libcr_c.a(scanf.o)
                              ./src/webserver/uIP_Task.o (atoi)
/Applications/MCUXpressoIDE_10.3.1_2233/ide/plugins/com.nxp.mcuxpresso.tools.macosx_10.3.0.201811011841/tools/bin/../lib/gcc/arm-none-eabi/7.3.1/../../../../arm-none-eabi/lib/thumb/v7-m/libcr_c.a(strcat.o)
                              ./src/webserver/httpd-cgi.o (strcat)
/Applications/MCUXpressoIDE_10.3.1_2233/ide/plugins/com.nxp.mcuxpresso.tools.macosx_10.3.0.201811011841/tools/bin/../lib/gcc/arm-none-eabi/7.3.1/../../../../arm-none-eabi/lib/thumb/v7-m/libcr_c.a(strchr.o)
                              ./src/webserver/httpd-cgi.o (strchr)
/Applications/MCUXpressoIDE_10.3.1_2233/ide/plugins/com.nxp.mcuxpresso.tools.macosx_10.3.0.201811011841/tools/bin/../lib/gcc/arm-none-eabi/7.3.1/../../../../arm-none-eabi/lib/thumb/v7-m/libcr_c.a(strcmp.o)
                              ./src/TCP/FreeRTOS_DNS.o (strcmp)
/Applications/MCUXpressoIDE_10.3.1_2233/ide/plugins/com.nxp.mcuxpresso.tools.macosx_10.3.0.201811011841/tools/bin/../lib/gcc/arm-none-eabi/7.3.1/../../../../arm-none-eabi/lib/thumb/v7-m/libcr_c.a(strcpy.o)
                              ./src/webserver/httpd.o (strcpy)
/Applications/MCUXpressoIDE_10.3.1_2233/ide/plugins/com.nxp.mcuxpresso.tools.macosx_10.3.0.201811011841/tools/bin/../lib/gcc/arm-none-eabi/7.3.1/../../../../arm-none-eabi/lib/thumb/v7-m/libcr_c.a(strlen.o)
                              ./src/webserver/httpd-cgi.o (strlen)
/Applications/MCUXpressoIDE_10.3.1_2233/ide/plugins/com.nxp.mcuxpresso.tools.macosx_10.3.0.201811011841/tools/bin/../lib/gcc/arm-none-eabi/7.3.1/../../../../arm-none-eabi/lib/thumb/v7-m/libcr_c.a(strncmp.o)
                              ./src/webserver/httpd-cgi.o (strncmp)
/Applications/MCUXpressoIDE_10.3.1_2233/ide/plugins/com.nxp.mcuxpresso.tools.macosx_10.3.0.201811011841/tools/bin/../lib/gcc/arm-none-eabi/7.3.1/../../../../arm-none-eabi/lib/thumb/v7-m/libcr_c.a(strncpy.o)
                              ./src/webserver/httpd.o (strncpy)
/Applications/MCUXpressoIDE_10.3.1_2233/ide/plugins/com.nxp.mcuxpresso.tools.macosx_10.3.0.201811011841/tools/bin/../lib/gcc/arm-none-eabi/7.3.1/../../../../arm-none-eabi/lib/thumb/v7-m/libcr_c.a(strrchr.o)
                              ./src/webserver/httpd.o (strrchr)
/Applications/MCUXpressoIDE_10.3.1_2233/ide/plugins/com.nxp.mcuxpresso.tools.macosx_10.3.0.201811011841/tools/bin/../lib/gcc/arm-none-eabi/7.3.1/../../../../arm-none-eabi/lib/thumb/v7-m/libcr_c.a(strstr.o)
                              ./src/webserver/uIP_Task.o (strstr)
/Applications/MCUXpressoIDE_10.3.1_2233/ide/plugins/com.nxp.mcuxpresso.tools.macosx_10.3.0.201811011841/tools/bin/../lib/gcc/arm-none-eabi/7.3.1/../../../../arm-none-eabi/lib/thumb/v7-m/libcr_c.a(ungetc.o)
                              /Applications/MCUXpressoIDE_10.3.1_2233/ide/plugins/com.nxp.mcuxpresso.tools.macosx_10.3.0.201811011841/tools/bin/../lib/gcc/arm-none-eabi/7.3.1/../../../../arm-none-eabi/lib/thumb/v7-m/libcr_c.a(scanf.o) (ungetc)
[...]
Memory Configuration

Name             Origin             Length             Attributes
MFlash512        0x0000000000000000 0x0000000000080000 xr
RamLoc32         0x0000000010000000 0x0000000000008000 xrw
RamAHB32         0x000000002007c000 0x0000000000008000 xrw
*default*        0x0000000000000000 0xffffffffffffffff

Linker script and memory map

LOAD ./src/webserver/emac.o
LOAD ./src/webserver/http-strings.o
LOAD ./src/webserver/httpd-cgi.o
LOAD ./src/webserver/httpd-fs.o
LOAD ./src/webserver/httpd.o
LOAD ./src/webserver/psock.o
LOAD ./src/webserver/timer.o
LOAD ./src/webserver/uIP_Task.o
LOAD ./src/webserver/uip.o
LOAD ./src/webserver/uip_arp.o
LOAD ./src/TCP/FreeRTOS_DHCP.o
LOAD ./src/TCP/FreeRTOS_DNS.o
LOAD ./src/TCP/FreeRTOS_IP.o
LOAD ./src/TCP/FreeRTOS_Stream_Buffer.o
LOAD ./src/TCP/FreeRTOS_TCP_IP.o
LOAD ./src/TCP/FreeRTOS_TCP_WIN.o
LOAD ./src/TCP/FreeRTOS_UDP_IP.o
LOAD ./src/LPCUSB/GLCD.o
LOAD ./src/LPCUSB/LED.o
LOAD ./src/LPCUSB/USB_CDC.o
LOAD ./src/LPCUSB/usbcontrol.o
LOAD ./src/LPCUSB/usbhw_lpc.o
LOAD ./src/LPCUSB/usbinit.o
LOAD ./src/LPCUSB/usbstdreq.o
LOAD ./src/FreeRTOS/portable/MemMang/heap_4.o
LOAD ./src/FreeRTOS/portable/GCC/ARM_CM3/port.o
LOAD ./src/FreeRTOS/list.o
LOAD ./src/FreeRTOS/queue.o
LOAD ./src/FreeRTOS/tasks.o
LOAD ./src/Common Demo Tasks/BlockQ.o
LOAD ./src/Common Demo Tasks/GenQTest.o
LOAD ./src/Common Demo Tasks/PollQ.o
LOAD ./src/Common Demo Tasks/QPeek.o
LOAD ./src/Common Demo Tasks/blocktim.o
LOAD ./src/Common Demo Tasks/flash.o
LOAD ./src/Common Demo Tasks/integer.o
LOAD ./src/Common Demo Tasks/recmutex.o
LOAD ./src/Common Demo Tasks/semtest.o
LOAD ./src/ParTest.o
LOAD ./src/cr_startup_lpc17.o
LOAD ./src/game.o
LOAD ./src/main.o
LOAD ./src/mpu_wrappers.o
LOAD ./src/printf-stdarg.o
LOAD ./lib/LPC1768_fnd.o
LOAD ./lib/LPC1768_motor.o
LOAD ./lib/LPC1768_utility.o
LOAD ./lib/debug_frmwrk.o
LOAD ./lib/lpc17xx_adc.o
LOAD ./lib/lpc17xx_can.o
LOAD ./lib/lpc17xx_clkpwr.o
LOAD ./lib/lpc17xx_dac.o
LOAD ./lib/lpc17xx_emac.o
LOAD ./lib/lpc17xx_exti.o
LOAD ./lib/lpc17xx_gpdma.o
LOAD ./lib/lpc17xx_gpio.o
LOAD ./lib/lpc17xx_i2c.o
LOAD ./lib/lpc17xx_i2s.o
LOAD ./lib/lpc17xx_iap.o
LOAD ./lib/lpc17xx_libcfg_default.o
LOAD ./lib/lpc17xx_mcpwm.o
LOAD ./lib/lpc17xx_nvic.o
LOAD ./lib/lpc17xx_pinsel.o
LOAD ./lib/lpc17xx_pwm.o
LOAD ./lib/lpc17xx_qei.o
LOAD ./lib/lpc17xx_rit.o
LOAD ./lib/lpc17xx_rtc.o
LOAD ./lib/lpc17xx_spi.o
LOAD ./lib/lpc17xx_ssp.o
LOAD ./lib/lpc17xx_systick.o
LOAD ./lib/lpc17xx_timer.o
LOAD ./lib/lpc17xx_uart.o
LOAD ./lib/lpc17xx_wdt.o
START GROUP
LOAD /Applications/MCUXpressoIDE_10.3.1_2233/ide/plugins/com.nxp.mcuxpresso.tools.macosx_10.3.0.201811011841/tools/bin/../lib/gcc/arm-none-eabi/7.3.1/../../../../arm-none-eabi/lib/thumb/v7-m/libcr_c.a
LOAD /Applications/MCUXpressoIDE_10.3.1_2233/ide/plugins/com.nxp.mcuxpresso.tools.macosx_10.3.0.201811011841/tools/bin/../lib/gcc/arm-none-eabi/7.3.1/thumb/v7-m/libcr_eabihelpers.a
LOAD /Applications/MCUXpressoIDE_10.3.1_2233/ide/plugins/com.nxp.mcuxpresso.tools.macosx_10.3.0.201811011841/tools/bin/../lib/gcc/arm-none-eabi/7.3.1/thumb/v7-m/libgcc.a
END GROUP
                0x0000000000000000                __base_MFlash512 = 0x0
                0x0000000000000000                __base_Flash = 0x0
                0x0000000000080000                __top_MFlash512 = 0x80000
                0x0000000000080000                __top_Flash = 0x80000
                0x0000000010000000                __base_RamLoc32 = 0x10000000
                0x0000000010000000                __base_RAM = 0x10000000
                0x0000000010008000                __top_RamLoc32 = 0x10008000
                0x0000000010008000                __top_RAM = 0x10008000
                0x000000002007c000                __base_RamAHB32 = 0x2007c000
                0x000000002007c000                __base_RAM2 = 0x2007c000
                0x0000000020084000                __top_RamAHB32 = 0x20084000
                0x0000000020084000                __top_RAM2 = 0x20084000

.text           0x0000000000000000    0x49974
 FILL mask 0xff
                0x0000000000000000                __vectors_start__ = ABSOLUTE (.)
 *(.isr_vector)
 .isr_vector    0x0000000000000000       0xcc ./src/cr_startup_lpc17.o
                0x0000000000000000                g_pfnVectors
                0x00000000000000cc                . = ALIGN (0x4)
                0x00000000000000cc                __section_table_start = .
                0x00000000000000cc                __data_section_table = .
                0x00000000000000cc        0x4 LONG 0x49974 LOADADDR (.data)
                0x00000000000000d0        0x4 LONG 0x10000000 ADDR (.data)
                0x00000000000000d4        0x4 LONG 0x1514 SIZEOF (.data)
                0x00000000000000d8        0x4 LONG 0x49974 LOADADDR (.data_RAM2)
                0x00000000000000dc        0x4 LONG 0x2007c000 ADDR (.data_RAM2)
                0x00000000000000e0        0x4 LONG 0x0 SIZEOF (.data_RAM2)
                0x00000000000000e4                __data_section_table_end = .
                0x00000000000000e4                __bss_section_table = .
                0x00000000000000e4        0x4 LONG 0x10001514 ADDR (.bss)
                0x00000000000000e8        0x4 LONG 0x5284 SIZEOF (.bss)
                0x00000000000000ec        0x4 LONG 0x2007c000 ADDR (.bss_RAM2)
                0x00000000000000f0        0x4 LONG 0x0 SIZEOF (.bss_RAM2)
                0x00000000000000f4                __bss_section_table_end = .
                0x00000000000000f4                __section_table_end = .
 *(.after_vectors*)
 *(.text*)
 .text.prvReturnBuffer
                0x00000000000000f4       0x50 ./src/webserver/emac.o
 .text.vEMAC_ISR
                0x0000000000000144       0xb4 ./src/webserver/emac.o
                0x0000000000000144                vEMAC_ISR
 .text.delay    0x00000000000001f8       0x24 ./src/LPCUSB/GLCD.o
 .text.ssp_send
                0x000000000000021c       0x34 ./src/LPCUSB/GLCD.o
 .text.wr_cmd   0x0000000000000250       0x38 ./src/LPCUSB/GLCD.o
 .text.wr_dat   0x0000000000000288       0x3c ./src/LPCUSB/GLCD.o
 .text.wr_pixel
                0x00000000000002c4       0x50 ./src/LPCUSB/GLCD.o
 .text.GLCD_init
                0x0000000000000314      0x2cc ./src/LPCUSB/GLCD.o
                0x0000000000000314                GLCD_init
 .text.GLCD_SetX
                0x00000000000005e0       0x66 ./src/LPCUSB/GLCD.o
 .text.GLCD_SetY
                0x0000000000000646       0x66 ./src/LPCUSB/GLCD.o
 .text.GLCD_putPixel
                0x00000000000006ac       0x38 ./src/LPCUSB/GLCD.o
                0x00000000000006ac                GLCD_putPixel
 .text.GLCD_setTextColor
                0x00000000000006e4       0x20 ./src/LPCUSB/GLCD.o
                0x00000000000006e4                GLCD_setTextColor
 .text.GLCD_setBackColor
                0x0000000000000704       0x20 ./src/LPCUSB/GLCD.o
                0x0000000000000704                GLCD_setBackColor
 .text.GLCD_clear
                0x0000000000000724       0x46 ./src/LPCUSB/GLCD.o
                0x0000000000000724                GLCD_clear
 *fill*         0x000000000000076a        0x2 ff
 .text.GLCD_drawChar
                0x000000000000076c       0x94 ./src/LPCUSB/GLCD.o
                0x000000000000076c                GLCD_drawChar
 .text.GLCD_displayChar
                0x0000000000000800       0x3c ./src/LPCUSB/GLCD.o
                0x0000000000000800                GLCD_displayChar
 .text.GLCD_displayStringLn
                0x000000000000083c       0x5e ./src/LPCUSB/GLCD.o
                0x000000000000083c                GLCD_displayStringLn
 .text.GLCD_bitmap2X
                0x000000000000089a       0x5c ./src/LPCUSB/GLCD.o
                0x000000000000089a                GLCD_bitmap2X
 .text.GLCD_bitmap_Drawend
                0x00000000000008f6       0xd8 ./src/LPCUSB/GLCD.o
                0x00000000000008f6                GLCD_bitmap_Drawend
 .text.GLCD_bitmap_transparent
                0x00000000000009ce       0x70 ./src/LPCUSB/GLCD.o
                0x00000000000009ce                GLCD_bitmap_transparent
 .text.GLCD_bitmap_tScale
                0x0000000000000a3e       0xb6 ./src/LPCUSB/GLCD.o
                0x0000000000000a3e                GLCD_bitmap_tScale
 .text.LED_init
                0x0000000000000af4       0x2c ./src/LPCUSB/LED.o
                0x0000000000000af4                LED_init
 .text.NVIC_EnableIRQ
                0x0000000000000b20       0x30 ./src/LPCUSB/USB_CDC.o
 .text.NVIC_SetPriority
                0x0000000000000b50       0x54 ./src/LPCUSB/USB_CDC.o
 .text.BulkOut  0x0000000000000ba4       0x74 ./src/LPCUSB/USB_CDC.o
 .text.BulkIn   0x0000000000000c18       0x9c ./src/LPCUSB/USB_CDC.o
 .text.HandleClassRequest
                0x0000000000000cb4       0x54 ./src/LPCUSB/USB_CDC.o
 .text.VCOM_putchar
                0x0000000000000d08       0x38 ./src/LPCUSB/USB_CDC.o
                0x0000000000000d08                VCOM_putchar
 .text.VCOM_getchar
                0x0000000000000d40       0x24 ./src/LPCUSB/USB_CDC.o
                0x0000000000000d40                VCOM_getchar
 .text.USB_IRQHandler
                0x0000000000000d64        0xc ./src/LPCUSB/USB_CDC.o
                0x0000000000000d64                USB_IRQHandler
 .text.USBFrameHandler
                0x0000000000000d70       0x2c ./src/LPCUSB/USB_CDC.o
 .text.vUSBTask
                0x0000000000000d9c      0x278 ./src/LPCUSB/USB_CDC.o
                0x0000000000000d9c                vUSBTask
 .text._HandleRequest
                0x0000000000001014       0x48 ./src/LPCUSB/usbcontrol.o
 .text.StallControlPipe
                0x000000000000105c       0x34 ./src/LPCUSB/usbcontrol.o
 .text.DataIn   0x0000000000001090       0x50 ./src/LPCUSB/usbcontrol.o
 .text.USBHandleControlTransfer
                0x00000000000010e0      0x16c ./src/LPCUSB/usbcontrol.o
                0x00000000000010e0                USBHandleControlTransfer
 .text.USBRegisterRequestHandler
                0x000000000000124c       0x34 ./src/LPCUSB/usbcontrol.o
                0x000000000000124c                USBRegisterRequestHandler
 .text.Wait4DevInt
                0x0000000000001280       0x30 ./src/LPCUSB/usbhw_lpc.o
 .text.USBHwCmd
                0x00000000000012b0       0x34 ./src/LPCUSB/usbhw_lpc.o
 .text.USBHwCmdWrite
                0x00000000000012e4       0x38 ./src/LPCUSB/usbhw_lpc.o
 .text.USBHwCmdRead
                0x000000000000131c       0x3c ./src/LPCUSB/usbhw_lpc.o
 .text.USBHwEPRealize
                0x0000000000001358       0x48 ./src/LPCUSB/usbhw_lpc.o
 .text.USBHwEPEnable
                0x00000000000013a0       0x32 ./src/LPCUSB/usbhw_lpc.o
 .text.USBHwEPConfig
                0x00000000000013d2       0x3c ./src/LPCUSB/usbhw_lpc.o
                0x00000000000013d2                USBHwEPConfig
 *fill*         0x000000000000140e        0x2 ff
 .text.USBHwRegisterEPIntHandler
                0x0000000000001410       0x6c ./src/LPCUSB/usbhw_lpc.o
                0x0000000000001410                USBHwRegisterEPIntHandler
 .text.USBHwRegisterDevIntHandler
                0x000000000000147c       0x30 ./src/LPCUSB/usbhw_lpc.o
                0x000000000000147c                USBHwRegisterDevIntHandler
 .text.USBHwRegisterFrameHandler
                0x00000000000014ac       0x30 ./src/LPCUSB/usbhw_lpc.o
                0x00000000000014ac                USBHwRegisterFrameHandler
 .text.USBHwSetAddress
                0x00000000000014dc       0x24 ./src/LPCUSB/usbhw_lpc.o
                0x00000000000014dc                USBHwSetAddress
 .text.USBHwConnect
                0x0000000000001500       0x26 ./src/LPCUSB/usbhw_lpc.o
                0x0000000000001500                USBHwConnect
 .text.USBHwNakIntEnable
                0x0000000000001526       0x1e ./src/LPCUSB/usbhw_lpc.o
                0x0000000000001526                USBHwNakIntEnable
 .text.USBHwEPGetStatus
                0x0000000000001544       0x30 ./src/LPCUSB/usbhw_lpc.o
                0x0000000000001544                USBHwEPGetStatus
 .text.USBHwEPStall
                0x0000000000001574       0x48 ./src/LPCUSB/usbhw_lpc.o
                0x0000000000001574                USBHwEPStall
 .text.USBHwEPWrite
                0x00000000000015bc       0x98 ./src/LPCUSB/usbhw_lpc.o
                0x00000000000015bc                USBHwEPWrite
 .text.USBHwEPRead
                0x0000000000001654       0xcc ./src/LPCUSB/usbhw_lpc.o
                0x0000000000001654                USBHwEPRead
 .text.USBHwConfigDevice
                0x0000000000001720       0x26 ./src/LPCUSB/usbhw_lpc.o
                0x0000000000001720                USBHwConfigDevice
 *fill*         0x0000000000001746        0x2 ff
 .text.USBHwISR
                0x0000000000001748      0x130 ./src/LPCUSB/usbhw_lpc.o
                0x0000000000001748                USBHwISR
 .text.USBHwInit
                0x0000000000001878       0xc8 ./src/LPCUSB/usbhw_lpc.o
                0x0000000000001878                USBHwInit
 .text.HandleUsbReset
                0x0000000000001940       0x14 ./src/LPCUSB/usbinit.o
 .text.USBInit  0x0000000000001954       0x50 ./src/LPCUSB/usbinit.o
                0x0000000000001954                USBInit
 .text.USBRegisterDescriptors
                0x00000000000019a4       0x1c ./src/LPCUSB/usbstdreq.o
                0x00000000000019a4                USBRegisterDescriptors
 .text.USBGetDescriptor
                0x00000000000019c0       0x9c ./src/LPCUSB/usbstdreq.o
                0x00000000000019c0                USBGetDescriptor
 .text.USBSetConfiguration
                0x0000000000001a5c       0xb8 ./src/LPCUSB/usbstdreq.o
 .text.HandleStdDeviceReq
                0x0000000000001b14       0xd0 ./src/LPCUSB/usbstdreq.o
 .text.HandleStdInterfaceReq
                0x0000000000001be4       0x9c ./src/LPCUSB/usbstdreq.o
 .text.HandleStdEndPointReq
                0x0000000000001c80       0xd0 ./src/LPCUSB/usbstdreq.o
 .text.USBHandleStandardRequest
                0x0000000000001d50       0x78 ./src/LPCUSB/usbstdreq.o
                0x0000000000001d50                USBHandleStandardRequest
 .text.pvPortMalloc
                0x0000000000001dc8      0x128 ./src/FreeRTOS/portable/MemMang/heap_4.o
                0x0000000000001dc8                pvPortMalloc
 .text.vPortFree
                0x0000000000001ef0       0x74 ./src/FreeRTOS/portable/MemMang/heap_4.o
                0x0000000000001ef0                vPortFree
 .text.prvHeapInit
                0x0000000000001f64       0xc4 ./src/FreeRTOS/portable/MemMang/heap_4.o
 .text.prvInsertBlockIntoFreeList
                0x0000000000002028       0xb0 ./src/FreeRTOS/portable/MemMang/heap_4.o
 .text.pxPortInitialiseStack
                0x00000000000020d8       0x58 ./src/FreeRTOS/portable/GCC/ARM_CM3/port.o
                0x00000000000020d8                pxPortInitialiseStack
 .text.prvTaskExitError
                0x0000000000002130       0x2e ./src/FreeRTOS/portable/GCC/ARM_CM3/port.o
 *fill*         0x000000000000215e        0x2 ff
 .text.vPortSVCHandler
                0x0000000000002160       0x28 ./src/FreeRTOS/portable/GCC/ARM_CM3/port.o
                0x0000000000002160                vPortSVCHandler
 .text.prvPortStartFirstTask
                0x0000000000002188       0x20 ./src/FreeRTOS/portable/GCC/ARM_CM3/port.o
 .text.xPortStartScheduler
                0x00000000000021a8       0x40 ./src/FreeRTOS/portable/GCC/ARM_CM3/port.o
                0x00000000000021a8                xPortStartScheduler
 .text.vPortEnterCritical
                0x00000000000021e8       0x30 ./src/FreeRTOS/portable/GCC/ARM_CM3/port.o
                0x00000000000021e8                vPortEnterCritical
 .text.vPortExitCritical
                0x0000000000002218       0x30 ./src/FreeRTOS/portable/GCC/ARM_CM3/port.o
                0x0000000000002218                vPortExitCritical
 *fill*         0x0000000000002248        0x8 ff
 .text.xPortPendSVHandler
                0x0000000000002250       0x48 ./src/FreeRTOS/portable/GCC/ARM_CM3/port.o
                0x0000000000002250                xPortPendSVHandler
 .text.xPortSysTickHandler
                0x0000000000002298       0x40 ./src/FreeRTOS/portable/GCC/ARM_CM3/port.o
                0x0000000000002298                xPortSysTickHandler
 .text.vPortSetupTimerInterrupt
                0x00000000000022d8       0x34 ./src/FreeRTOS/portable/GCC/ARM_CM3/port.o
                0x00000000000022d8                vPortSetupTimerInterrupt
 .text.vListInitialise
                0x000000000000230c       0x3e ./src/FreeRTOS/list.o
                0x000000000000230c                vListInitialise
 .text.vListInitialiseItem
                0x000000000000234a       0x18 ./src/FreeRTOS/list.o
                0x000000000000234a                vListInitialiseItem
 .text.vListInsertEnd
                0x0000000000002362       0x46 ./src/FreeRTOS/list.o
                0x0000000000002362                vListInsertEnd
 .text.vListInsert
                0x00000000000023a8       0x70 ./src/FreeRTOS/list.o
                0x00000000000023a8                vListInsert
 .text.uxListRemove
                0x0000000000002418       0x52 ./src/FreeRTOS/list.o
                0x0000000000002418                uxListRemove
 *fill*         0x000000000000246a        0x2 ff
 .text.xQueueGenericReset
                0x000000000000246c       0xb4 ./src/FreeRTOS/queue.o
                0x000000000000246c                xQueueGenericReset
 .text.xQueueGenericCreate
                0x0000000000002520       0x5c ./src/FreeRTOS/queue.o
                0x0000000000002520                xQueueGenericCreate
 .text.prvInitialiseNewQueue
                0x000000000000257c       0x46 ./src/FreeRTOS/queue.o
 *fill*         0x00000000000025c2        0x2 ff
 .text.xQueueGenericSend
                0x00000000000025c4      0x154 ./src/FreeRTOS/queue.o
                0x00000000000025c4                xQueueGenericSend
 .text.xQueueGenericSendFromISR
                0x0000000000002718       0xb2 ./src/FreeRTOS/queue.o
                0x0000000000002718                xQueueGenericSendFromISR
 .text.xQueueGiveFromISR
                0x00000000000027ca       0xa6 ./src/FreeRTOS/queue.o
                0x00000000000027ca                xQueueGiveFromISR
 .text.xQueueReceive
                0x0000000000002870      0x144 ./src/FreeRTOS/queue.o
                0x0000000000002870                xQueueReceive
 .text.xQueueReceiveFromISR
                0x00000000000029b4       0xac ./src/FreeRTOS/queue.o
                0x00000000000029b4                xQueueReceiveFromISR
 .text.uxQueueMessagesWaitingFromISR
                0x0000000000002a60       0x1e ./src/FreeRTOS/queue.o
                0x0000000000002a60                uxQueueMessagesWaitingFromISR
 .text.prvCopyDataToQueue
                0x0000000000002a7e       0xd4 ./src/FreeRTOS/queue.o
 .text.prvCopyDataFromQueue
                0x0000000000002b52       0x4c ./src/FreeRTOS/queue.o
 .text.prvUnlockQueue
                0x0000000000002b9e       0xa4 ./src/FreeRTOS/queue.o
 .text.prvIsQueueEmpty
                0x0000000000002c42       0x2c ./src/FreeRTOS/queue.o
 .text.prvIsQueueFull
                0x0000000000002c6e       0x30 ./src/FreeRTOS/queue.o
 .text.xTaskCreate
                0x0000000000002c9e       0x82 ./src/FreeRTOS/tasks.o
                0x0000000000002c9e                xTaskCreate
 .text.prvInitialiseNewTask
                0x0000000000002d20      0x104 ./src/FreeRTOS/tasks.o
 .text.prvAddNewTaskToReadyList
                0x0000000000002e24       0xdc ./src/FreeRTOS/tasks.o
 .text.vTaskDelete
                0x0000000000002f00       0xfc ./src/FreeRTOS/tasks.o
                0x0000000000002f00                vTaskDelete
 .text.vTaskStartScheduler
                0x0000000000002ffc       0x70 ./src/FreeRTOS/tasks.o
                0x0000000000002ffc                vTaskStartScheduler
 .text.vTaskSuspendAll
                0x000000000000306c       0x1c ./src/FreeRTOS/tasks.o
                0x000000000000306c                vTaskSuspendAll
 .text.xTaskResumeAll
                0x0000000000003088      0x11c ./src/FreeRTOS/tasks.o
                0x0000000000003088                xTaskResumeAll
 .text.xTaskIncrementTick
                0x00000000000031a4      0x160 ./src/FreeRTOS/tasks.o
                0x00000000000031a4                xTaskIncrementTick
 .text.vTaskSwitchContext
                0x0000000000003304      0x110 ./src/FreeRTOS/tasks.o
                0x0000000000003304                vTaskSwitchContext
 .text.vTaskPlaceOnEventList
                0x0000000000003414       0x2c ./src/FreeRTOS/tasks.o
                0x0000000000003414                vTaskPlaceOnEventList
 .text.xTaskRemoveFromEventList
                0x0000000000003440       0xa8 ./src/FreeRTOS/tasks.o
                0x0000000000003440                xTaskRemoveFromEventList
 .text.vTaskInternalSetTimeOutState
                0x00000000000034e8       0x2c ./src/FreeRTOS/tasks.o
                0x00000000000034e8                vTaskInternalSetTimeOutState
 .text.xTaskCheckForTimeOut
                0x0000000000003514       0x8c ./src/FreeRTOS/tasks.o
                0x0000000000003514                xTaskCheckForTimeOut
 .text.vTaskMissedYield
                0x00000000000035a0       0x18 ./src/FreeRTOS/tasks.o
                0x00000000000035a0                vTaskMissedYield
 .text.prvIdleTask
                0x00000000000035b8        0xe ./src/FreeRTOS/tasks.o
 *fill*         0x00000000000035c6        0x2 ff
 .text.prvInitialiseTaskLists
                0x00000000000035c8       0x80 ./src/FreeRTOS/tasks.o
 .text.prvCheckTasksWaitingTermination
                0x0000000000003648       0x58 ./src/FreeRTOS/tasks.o
 .text.prvDeleteTCB
                0x00000000000036a0       0x20 ./src/FreeRTOS/tasks.o
 .text.prvResetNextTaskUnblockTime
                0x00000000000036c0       0x40 ./src/FreeRTOS/tasks.o
 .text.xTaskPriorityDisinherit
                0x0000000000003700       0xc8 ./src/FreeRTOS/tasks.o
                0x0000000000003700                xTaskPriorityDisinherit
 .text.prvAddCurrentTaskToDelayedList
                0x00000000000037c8       0xcc ./src/FreeRTOS/tasks.o
 .text.xAreBlockingQueuesStillRunning
                0x0000000000003894       0x90 ./src/Common Demo Tasks/BlockQ.o
                0x0000000000003894                xAreBlockingQueuesStillRunning
 .text.xAreGenericQueueTasksStillRunning
                0x0000000000003924       0x64 ./src/Common Demo Tasks/GenQTest.o
                0x0000000000003924                xAreGenericQueueTasksStillRunning
 .text.xArePollingQueuesStillRunning
                0x0000000000003988       0x40 ./src/Common Demo Tasks/PollQ.o
                0x0000000000003988                xArePollingQueuesStillRunning
 .text.xAreQueuePeekTasksStillRunning
                0x00000000000039c8       0x40 ./src/Common Demo Tasks/QPeek.o
                0x00000000000039c8                xAreQueuePeekTasksStillRunning
 .text.xAreBlockTimeTestTasksStillRunning
                0x0000000000003a08       0x68 ./src/Common Demo Tasks/blocktim.o
                0x0000000000003a08                xAreBlockTimeTestTasksStillRunning
 .text.xAreIntegerMathsTaskStillRunning
                0x0000000000003a70       0x54 ./src/Common Demo Tasks/integer.o
                0x0000000000003a70                xAreIntegerMathsTaskStillRunning
 .text.xAreRecursiveMutexTasksStillRunning
                0x0000000000003ac4       0x94 ./src/Common Demo Tasks/recmutex.o
                0x0000000000003ac4                xAreRecursiveMutexTasksStillRunning
 .text.xAreSemaphoreTasksStillRunning
                0x0000000000003b58       0x5c ./src/Common Demo Tasks/semtest.o
                0x0000000000003b58                xAreSemaphoreTasksStillRunning
 .text.vParTestInitialise
                0x0000000000003bb4       0x20 ./src/ParTest.o
                0x0000000000003bb4                vParTestInitialise
 .text.ResetISR
                0x0000000000003bd4       0x54 ./src/cr_startup_lpc17.o
                0x0000000000003bd4                ResetISR
 .text.NMI_Handler
                0x0000000000003c28        0x6 ./src/cr_startup_lpc17.o
                0x0000000000003c28                NMI_Handler
 .text.HardFault_Handler
                0x0000000000003c2e        0x6 ./src/cr_startup_lpc17.o
                0x0000000000003c2e                HardFault_Handler
 .text.MemManage_Handler
                0x0000000000003c34        0x6 ./src/cr_startup_lpc17.o
                0x0000000000003c34                MemManage_Handler
 .text.BusFault_Handler
                0x0000000000003c3a        0x6 ./src/cr_startup_lpc17.o
                0x0000000000003c3a                BusFault_Handler
 .text.UsageFault_Handler
                0x0000000000003c40        0x6 ./src/cr_startup_lpc17.o
                0x0000000000003c40                UsageFault_Handler
 .text.DebugMon_Handler
                0x0000000000003c46        0x6 ./src/cr_startup_lpc17.o
                0x0000000000003c46                DebugMon_Handler
 .text.IntDefaultHandler
                0x0000000000003c4c        0x6 ./src/cr_startup_lpc17.o
                0x0000000000003c4c                ENET_IRQHandler
                0x0000000000003c4c                RIT_IRQHandler
                0x0000000000003c4c                I2C0_IRQHandler
                0x0000000000003c4c                USBActivity_IRQHandler
                0x0000000000003c4c                PWM1_IRQHandler
                0x0000000000003c4c                I2C1_IRQHandler
                0x0000000000003c4c                EINT2_IRQHandler
                0x0000000000003c4c                UART1_IRQHandler
                0x0000000000003c4c                EINT3_IRQHandler
                0x0000000000003c4c                CANActivity_IRQHandler
                0x0000000000003c4c                TIMER3_IRQHandler
                0x0000000000003c4c                UART0_IRQHandler
                0x0000000000003c4c                IntDefaultHandler
                0x0000000000003c4c                PLL0_IRQHandler
                0x0000000000003c4c                CAN_IRQHandler
                0x0000000000003c4c                PLL1_IRQHandler
                0x0000000000003c4c                SSP0_IRQHandler
                0x0000000000003c4c                I2S_IRQHandler
                0x0000000000003c4c                I2C2_IRQHandler
                0x0000000000003c4c                RTC_IRQHandler
                0x0000000000003c4c                TIMER0_IRQHandler
                0x0000000000003c4c                SPI_IRQHandler
                0x0000000000003c4c                EINT1_IRQHandler
                0x0000000000003c4c                TIMER1_IRQHandler
                0x0000000000003c4c                UART2_IRQHandler
                0x0000000000003c4c                ADC_IRQHandler
                0x0000000000003c4c                SSP1_IRQHandler
                0x0000000000003c4c                BOD_IRQHandler
                0x0000000000003c4c                WDT_IRQHandler
                0x0000000000003c4c                QEI_IRQHandler
                0x0000000000003c4c                EINT0_IRQHandler
                0x0000000000003c4c                DMA_IRQHandler
                0x0000000000003c4c                UART3_IRQHandler
                0x0000000000003c4c                MCPWM_IRQHandler
                0x0000000000003c4c                TIMER2_IRQHandler
 *fill*         0x0000000000003c52        0x2 ff
 .text.putDol   0x0000000000003c54      0x1ac ./src/game.o
                0x0000000000003c54                putDol
 .text.putSelector
                0x0000000000003e00       0xa0 ./src/game.o
                0x0000000000003e00                putSelector
 .text.restoreDols
                0x0000000000003ea0       0x7c ./src/game.o
                0x0000000000003ea0                restoreDols
 .text.EXT_IO_init
                0x0000000000003f1c       0x40 ./src/main.o
                0x0000000000003f1c                EXT_IO_init
 .text.Keypad_DIR_Output
                0x0000000000003f5c       0x44 ./src/main.o
                0x0000000000003f5c                Keypad_DIR_Output
 .text.Keypad_DIR_Input
                0x0000000000003fa0       0x50 ./src/main.o
                0x0000000000003fa0                Keypad_DIR_Input
 .text.EXT_IO_A_CS
                0x0000000000003ff0       0x34 ./src/main.o
                0x0000000000003ff0                EXT_IO_A_CS
 .text.EXT_IO_B_CS
                0x0000000000004024       0x34 ./src/main.o
                0x0000000000004024                EXT_IO_B_CS
 .text.EXT_IO_C_CS
                0x0000000000004058       0x34 ./src/main.o
                0x0000000000004058                EXT_IO_C_CS
 .text.Keypad_Output_Row_1
                0x000000000000408c       0x5c ./src/main.o
                0x000000000000408c                Keypad_Output_Row_1
 .text.Keypad_Output_Row_2
                0x00000000000040e8       0x5c ./src/main.o
                0x00000000000040e8                Keypad_Output_Row_2
 .text.Keypad_Output_Row_3
                0x0000000000004144       0x5c ./src/main.o
                0x0000000000004144                Keypad_Output_Row_3
 .text.Keypad_Output_Row_4
                0x00000000000041a0       0x5c ./src/main.o
                0x00000000000041a0                Keypad_Output_Row_4
 .text.Keypad_Input
                0x00000000000041fc       0xb8 ./src/main.o
                0x00000000000041fc                Keypad_Input
 .text.Keypad   0x00000000000042b4      0x188 ./src/main.o
                0x00000000000042b4                Keypad
 .text.joyStickTask
                0x000000000000443c      0x1e8 ./src/main.o
                0x000000000000443c                joyStickTask
 .text.main     0x0000000000004624       0xac ./src/main.o
                0x0000000000004624                main
 .text.vApplicationTickHook
                0x00000000000046d0       0xdc ./src/main.o
                0x00000000000046d0                vApplicationTickHook
 .text.prvSetupHardware
                0x00000000000047ac      0x1c0 ./src/main.o
 .text.vApplicationStackOverflowHook
                0x000000000000496c        0xc ./src/main.o
                0x000000000000496c                vApplicationStackOverflowHook
 .text.vConfigureTimerForRunTimeStats
                0x0000000000004978       0x68 ./src/main.o
                0x0000000000004978                vConfigureTimerForRunTimeStats
 .text.GPIO_GetPointer
                0x00000000000049e0       0x70 ./lib/lpc17xx_gpio.o
 .text.GPIO_ReadValue
                0x0000000000004a50       0x2a ./lib/lpc17xx_gpio.o
                0x0000000000004a50                GPIO_ReadValue
 .text.memcpy   0x0000000000004a7a        0x4 /Applications/MCUXpressoIDE_10.3.1_2233/ide/plugins/com.nxp.mcuxpresso.tools.macosx_10.3.0.201811011841/tools/bin/../lib/gcc/arm-none-eabi/7.3.1/../../../../arm-none-eabi/lib/thumb/v7-m/libcr_c.a(memcpy.o)
                0x0000000000004a7a                memcpy
 .text.memset   0x0000000000004a7e        0x4 /Applications/MCUXpressoIDE_10.3.1_2233/ide/plugins/com.nxp.mcuxpresso.tools.macosx_10.3.0.201811011841/tools/bin/../lib/gcc/arm-none-eabi/7.3.1/../../../../arm-none-eabi/lib/thumb/v7-m/libcr_c.a(memset.o)
                0x0000000000004a7e                memset
 .text.__weak_main
                0x0000000000004a82        0x4 /Applications/MCUXpressoIDE_10.3.1_2233/ide/plugins/com.nxp.mcuxpresso.tools.macosx_10.3.0.201811011841/tools/bin/../lib/gcc/arm-none-eabi/7.3.1/../../../../arm-none-eabi/lib/thumb/v7-m/libcr_c.a(__weak__main.o)
                0x0000000000004a82                __main
                0x0000000000004a82                __weak_main
 .text.__aeabi_memcpy
                0x0000000000004a86       0x34 /Applications/MCUXpressoIDE_10.3.1_2233/ide/plugins/com.nxp.mcuxpresso.tools.macosx_10.3.0.201811011841/tools/bin/../lib/gcc/arm-none-eabi/7.3.1/thumb/v7-m/libcr_eabihelpers.a(memcpy.o)
                0x0000000000004a86                __aeabi_memcpy
                0x0000000000004a90                __aeabi_memcpy4
                0x0000000000004a90                __aeabi_memcpy8
 .text.__aeabi_memset_lowlevel
                0x0000000000004aba       0x32 /Applications/MCUXpressoIDE_10.3.1_2233/ide/plugins/com.nxp.mcuxpresso.tools.macosx_10.3.0.201811011841/tools/bin/../lib/gcc/arm-none-eabi/7.3.1/thumb/v7-m/libcr_eabihelpers.a(memcpy.o)
                0x0000000000004aba                __aeabi_lowlevel_memset
 *(.rodata .rodata.* .constdata .constdata.*)
 .rodata        0x0000000000004aec       0xcb ./src/LPCUSB/USB_CDC.o
 *fill*         0x0000000000004bb7        0x1 ff
 .rodata        0x0000000000004bb8       0x30 ./src/FreeRTOS/tasks.o
 .rodata        0x0000000000004be8    0x44b74 ./src/game.o
                0x0000000000004be8                omok_startup
                0x000000000002a3e8                omok_map
                0x00000000000465ec                black_dol
                0x00000000000469ec                white_dol
                0x0000000000046dec                selector
 .rodata        0x000000000004975c      0x217 ./src/main.o
                0x0000000000049974                . = ALIGN (0x4)
 *fill*         0x0000000000049973        0x1 ff

.glue_7         0x0000000000049974        0x0
 .glue_7        0x0000000000049974        0x0 linker stubs

.glue_7t        0x0000000000049974        0x0
 .glue_7t       0x0000000000049974        0x0 linker stubs

.vfp11_veneer   0x0000000000049974        0x0
 .vfp11_veneer  0x0000000000049974        0x0 linker stubs

.v4_bx          0x0000000000049974        0x0
 .v4_bx         0x0000000000049974        0x0 linker stubs

.iplt           0x0000000000049974        0x0
 .iplt          0x0000000000049974        0x0 ./src/webserver/emac.o

.rel.dyn        0x0000000000049974        0x0
 .rel.iplt      0x0000000000049974        0x0 ./src/webserver/emac.o

.ARM.extab
 *(.ARM.extab* .gnu.linkonce.armextab.*)
                0x0000000000049974                __exidx_start = .

.ARM.exidx
 *(.ARM.exidx* .gnu.linkonce.armexidx.*)
                0x0000000000049974                __exidx_end = .
                0x0000000000049974                _etext = .

.data_RAM2      0x000000002007c000        0x0 load address 0x0000000000049974
 FILL mask 0xff
                [!provide]                        PROVIDE (__start_data_RAM2 = .)
 *(.ramfunc.$RAM2)
 *(.ramfunc.$RamAHB32)
 *(.data.$RAM2*)
 *(.data.$RamAHB32*)
                0x000000002007c000                . = ALIGN (0x4)
                [!provide]                        PROVIDE (__end_data_RAM2 = .)

.uninit_RESERVED
                0x0000000010000000        0x0
 *(.bss.$RESERVED*)
                0x0000000010000000                . = ALIGN (0x4)
                0x0000000010000000                _end_uninit_RESERVED = .

.data           0x0000000010000000     0x1514 load address 0x0000000000049974
 FILL mask 0xff
                0x0000000010000000                _data = .
 *(vtable)
 *(.ramfunc*)
 *(.data*)
 .data          0x0000000010000000     0x1502 ./src/LPCUSB/GLCD.o
                0x0000000010000000                ASCII_Table
 *fill*         0x0000000010001502        0x2 ff
 .data          0x0000000010001504        0x8 ./src/LPCUSB/USB_CDC.o
 .data          0x000000001000150c        0x4 ./src/FreeRTOS/portable/GCC/ARM_CM3/port.o
 .data          0x0000000010001510        0x4 ./src/main.o
                0x0000000010001514                . = ALIGN (0x4)
                0x0000000010001514                _edata = .

.igot.plt       0x0000000010001514        0x0 load address 0x000000000004ae88
 .igot.plt      0x0000000010001514        0x0 ./src/webserver/emac.o

.bss_RAM2       0x000000002007c000        0x0
                [!provide]                        PROVIDE (__start_bss_RAM2 = .)
 *(.bss.$RAM2*)
 *(.bss.$RamAHB32*)
                0x000000002007c000                . = ALIGN ((. != 0x0)?0x4:0x1)
                [!provide]                        PROVIDE (__end_bss_RAM2 = .)

.bss            0x0000000010001514     0x5284
                0x0000000010001514                _bss = .
 *(.bss*)
 .bss           0x0000000010001514        0x8 ./src/webserver/emac.o
 .bss           0x000000001000151c        0x4 ./src/webserver/uIP_Task.o
                0x000000001000151c                xEMACSemaphore
 .bss           0x0000000010001520        0x2 ./src/LPCUSB/GLCD.o
 *fill*         0x0000000010001522        0x2 
 .bss           0x0000000010001524       0x50 ./src/LPCUSB/USB_CDC.o
 .bss           0x0000000010001574       0x34 ./src/LPCUSB/usbcontrol.o
 .bss           0x00000000100015a8       0x48 ./src/LPCUSB/usbhw_lpc.o
 .bss           0x00000000100015f0        0x8 ./src/LPCUSB/usbinit.o
 .bss           0x00000000100015f8        0xc ./src/LPCUSB/usbstdreq.o
 .bss           0x0000000010001604     0x4c18 ./src/FreeRTOS/portable/MemMang/heap_4.o
 .bss           0x000000001000621c      0x10c ./src/FreeRTOS/tasks.o
                0x000000001000621c                pxCurrentTCB
 .bss           0x0000000010006328       0x1e ./src/Common Demo Tasks/BlockQ.o
 *fill*         0x0000000010006346        0x2 
 .bss           0x0000000010006348       0x24 ./src/Common Demo Tasks/GenQTest.o
 .bss           0x000000001000636c        0xc ./src/Common Demo Tasks/PollQ.o
 .bss           0x0000000010006378        0xc ./src/Common Demo Tasks/QPeek.o
 .bss           0x0000000010006384       0x20 ./src/Common Demo Tasks/blocktim.o
 .bss           0x00000000100063a4        0x4 ./src/Common Demo Tasks/integer.o
 .bss           0x00000000100063a8       0x30 ./src/Common Demo Tasks/recmutex.o
 .bss           0x00000000100063d8       0x14 ./src/Common Demo Tasks/semtest.o
 .bss           0x00000000100063ec        0x4 ./src/main.o
 *(COMMON)
 COMMON         0x00000000100063f0      0x3a8 ./src/LPCUSB/USB_CDC.o
                0x00000000100063f0                selector_x
                0x00000000100063f4                selectedx_s
                0x00000000100063f8                sendUSBCDC
                0x00000000100063fc                mapa
                0x0000000010006780                selectedy_s
                0x0000000010006784                tick
                0x0000000010006788                joystick
                0x000000001000678c                selector_y
                0x0000000010006790                enemy_y
                0x0000000010006794                enemy_x
                0x0000000010006798                . = ALIGN (0x4)
                0x0000000010006798                _ebss = .
                [!provide]                        PROVIDE (end = .)

.noinit_RAM2    0x000000002007c000        0x0
 *(.noinit.$RAM2*)
 *(.noinit.$RamAHB32*)
                0x000000002007c000                . = ALIGN (0x4)

.noinit         0x0000000010006798        0x0
                0x0000000010006798                _noinit = .
 *(.noinit*)
                0x0000000010006798                . = ALIGN (0x4)
                0x0000000010006798                _end_noinit = .
                0x0000000010006798                PROVIDE (_pvHeapStart = DEFINED (__user_heap_base)?__user_heap_base:.)
                0x0000000010008000                PROVIDE (_vStackTop = DEFINED (__user_stack_top)?__user_stack_top:(__top_RamLoc32 - 0x0))
                [!provide]                        PROVIDE (__valid_user_code_checksum = (0x0 - ((((((_vStackTop + (ResetISR + 0x1)) + (NMI_Handler + 0x1)) + (HardFault_Handler + 0x1)) + (DEFINED (MemManage_Handler)?MemManage_Handler:0x0 + 0x1)) + (DEFINED (BusFault_Handler)?BusFault_Handler:0x0 + 0x1)) + (DEFINED (UsageFault_Handler)?UsageFault_Handler:0x0 + 0x1))))
                0x0000000000000000                _image_start = LOADADDR (.text)
                0x000000000004ae88                _image_end = (LOADADDR (.data) + SIZEOF (.data))
                0x000000000004ae88                _image_size = (_image_end - _image_start)
OUTPUT(RTOSDemo_RDB1768.axf elf32-littlearm)

.debug_info     0x0000000000000000     0xc730
 .debug_info    0x0000000000000000      0xb6c ./src/webserver/emac.o
 .debug_info    0x0000000000000b6c     0x1085 ./src/webserver/uIP_Task.o
 .debug_info    0x0000000000001bf1      0xeb9 ./src/LPCUSB/GLCD.o
 .debug_info    0x0000000000002aaa      0x46a ./src/LPCUSB/LED.o
 .debug_info    0x0000000000002f14      0xae5 ./src/LPCUSB/USB_CDC.o
 .debug_info    0x00000000000039f9      0x3f0 ./src/LPCUSB/usbcontrol.o
 .debug_info    0x0000000000003de9      0xf80 ./src/LPCUSB/usbhw_lpc.o
 .debug_info    0x0000000000004d69      0x1e9 ./src/LPCUSB/usbinit.o
 .debug_info    0x0000000000004f52      0x4f1 ./src/LPCUSB/usbstdreq.o
 .debug_info    0x0000000000005443      0x335 ./src/FreeRTOS/portable/MemMang/heap_4.o
 .debug_info    0x0000000000005778      0x325 ./src/FreeRTOS/portable/GCC/ARM_CM3/port.o
 .debug_info    0x0000000000005a9d      0x2eb ./src/FreeRTOS/list.o
 .debug_info    0x0000000000005d88     0x1120 ./src/FreeRTOS/queue.o
 .debug_info    0x0000000000006ea8     0x1cf7 ./src/FreeRTOS/tasks.o
 .debug_info    0x0000000000008b9f      0x37a ./src/Common Demo Tasks/BlockQ.o
 .debug_info    0x0000000000008f19      0x3a0 ./src/Common Demo Tasks/GenQTest.o
 .debug_info    0x00000000000092b9      0x25b ./src/Common Demo Tasks/PollQ.o
 .debug_info    0x0000000000009514      0x2e8 ./src/Common Demo Tasks/QPeek.o
 .debug_info    0x00000000000097fc      0x352 ./src/Common Demo Tasks/blocktim.o
 .debug_info    0x0000000000009b4e      0x1eb ./src/Common Demo Tasks/integer.o
 .debug_info    0x0000000000009d39      0x2ce ./src/Common Demo Tasks/recmutex.o
 .debug_info    0x000000000000a007      0x2e6 ./src/Common Demo Tasks/semtest.o
 .debug_info    0x000000000000a2ed      0x44e ./src/ParTest.o
 .debug_info    0x000000000000a73b      0x158 ./src/cr_startup_lpc17.o
 .debug_info    0x000000000000a893      0x308 ./src/game.o
 .debug_info    0x000000000000ab9b      0xe4c ./src/main.o
 .debug_info    0x000000000000b9e7      0xd49 ./lib/lpc17xx_gpio.o

.debug_abbrev   0x0000000000000000     0x2dec
 .debug_abbrev  0x0000000000000000      0x268 ./src/webserver/emac.o
 .debug_abbrev  0x0000000000000268      0x33a ./src/webserver/uIP_Task.o
 .debug_abbrev  0x00000000000005a2      0x27d ./src/LPCUSB/GLCD.o
 .debug_abbrev  0x000000000000081f      0x138 ./src/LPCUSB/LED.o
 .debug_abbrev  0x0000000000000957      0x2a8 ./src/LPCUSB/USB_CDC.o
 .debug_abbrev  0x0000000000000bff      0x160 ./src/LPCUSB/usbcontrol.o
 .debug_abbrev  0x0000000000000d5f      0x29f ./src/LPCUSB/usbhw_lpc.o
 .debug_abbrev  0x0000000000000ffe       0xef ./src/LPCUSB/usbinit.o
 .debug_abbrev  0x00000000000010ed      0x1ca ./src/LPCUSB/usbstdreq.o
 .debug_abbrev  0x00000000000012b7      0x18e ./src/FreeRTOS/portable/MemMang/heap_4.o
 .debug_abbrev  0x0000000000001445      0x202 ./src/FreeRTOS/portable/GCC/ARM_CM3/port.o
 .debug_abbrev  0x0000000000001647      0x119 ./src/FreeRTOS/list.o
 .debug_abbrev  0x0000000000001760      0x290 ./src/FreeRTOS/queue.o
 .debug_abbrev  0x00000000000019f0      0x2ed ./src/FreeRTOS/tasks.o
 .debug_abbrev  0x0000000000001cdd      0x138 ./src/Common Demo Tasks/BlockQ.o
 .debug_abbrev  0x0000000000001e15      0x131 ./src/Common Demo Tasks/GenQTest.o
 .debug_abbrev  0x0000000000001f46       0xfb ./src/Common Demo Tasks/PollQ.o
 .debug_abbrev  0x0000000000002041      0x142 ./src/Common Demo Tasks/QPeek.o
 .debug_abbrev  0x0000000000002183      0x147 ./src/Common Demo Tasks/blocktim.o
 .debug_abbrev  0x00000000000022ca      0x104 ./src/Common Demo Tasks/integer.o
 .debug_abbrev  0x00000000000023ce      0x140 ./src/Common Demo Tasks/recmutex.o
 .debug_abbrev  0x000000000000250e      0x129 ./src/Common Demo Tasks/semtest.o
 .debug_abbrev  0x0000000000002637      0x13c ./src/ParTest.o
 .debug_abbrev  0x0000000000002773       0xa4 ./src/cr_startup_lpc17.o
 .debug_abbrev  0x0000000000002817       0xd3 ./src/game.o
 .debug_abbrev  0x00000000000028ea      0x2ba ./src/main.o
 .debug_abbrev  0x0000000000002ba4      0x248 ./lib/lpc17xx_gpio.o

.debug_aranges  0x0000000000000000      0xc28
 .debug_aranges
                0x0000000000000000       0x78 ./src/webserver/emac.o
 .debug_aranges
                0x0000000000000078       0x58 ./src/webserver/uIP_Task.o
 .debug_aranges
                0x00000000000000d0       0xc0 ./src/LPCUSB/GLCD.o
 .debug_aranges
                0x0000000000000190       0x38 ./src/LPCUSB/LED.o
 .debug_aranges
                0x00000000000001c8       0x70 ./src/LPCUSB/USB_CDC.o
 .debug_aranges
                0x0000000000000238       0x40 ./src/LPCUSB/usbcontrol.o
 .debug_aranges
                0x0000000000000278       0xb8 ./src/LPCUSB/usbhw_lpc.o
 .debug_aranges
                0x0000000000000330       0x28 ./src/LPCUSB/usbinit.o
 .debug_aranges
                0x0000000000000358       0x58 ./src/LPCUSB/usbstdreq.o
 .debug_aranges
                0x00000000000003b0       0x50 ./src/FreeRTOS/portable/MemMang/heap_4.o
 .debug_aranges
                0x0000000000000400       0x70 ./src/FreeRTOS/portable/GCC/ARM_CM3/port.o
 .debug_aranges
                0x0000000000000470       0x40 ./src/FreeRTOS/list.o
 .debug_aranges
                0x00000000000004b0      0x120 ./src/FreeRTOS/queue.o
 .debug_aranges
                0x00000000000005d0      0x1f8 ./src/FreeRTOS/tasks.o
 .debug_aranges
                0x00000000000007c8       0x38 ./src/Common Demo Tasks/BlockQ.o
 .debug_aranges
                0x0000000000000800       0x58 ./src/Common Demo Tasks/GenQTest.o
 .debug_aranges
                0x0000000000000858       0x38 ./src/Common Demo Tasks/PollQ.o
 .debug_aranges
                0x0000000000000890       0x48 ./src/Common Demo Tasks/QPeek.o
 .debug_aranges
                0x00000000000008d8       0x40 ./src/Common Demo Tasks/blocktim.o
 .debug_aranges
                0x0000000000000918       0x30 ./src/Common Demo Tasks/integer.o
 .debug_aranges
                0x0000000000000948       0x40 ./src/Common Demo Tasks/recmutex.o
 .debug_aranges
                0x0000000000000988       0x30 ./src/Common Demo Tasks/semtest.o
 .debug_aranges
                0x00000000000009b8       0x38 ./src/ParTest.o
 .debug_aranges
                0x00000000000009f0       0x58 ./src/cr_startup_lpc17.o
 .debug_aranges
                0x0000000000000a48       0x30 ./src/game.o
 .debug_aranges
                0x0000000000000a78       0xb8 ./src/main.o
 .debug_aranges
                0x0000000000000b30       0xf8 ./lib/lpc17xx_gpio.o

.debug_ranges   0x0000000000000000      0xa78
 .debug_ranges  0x0000000000000000       0x68 ./src/webserver/emac.o
 .debug_ranges  0x0000000000000068       0x48 ./src/webserver/uIP_Task.o
 .debug_ranges  0x00000000000000b0       0xb0 ./src/LPCUSB/GLCD.o
 .debug_ranges  0x0000000000000160       0x28 ./src/LPCUSB/LED.o
 .debug_ranges  0x0000000000000188       0x60 ./src/LPCUSB/USB_CDC.o
 .debug_ranges  0x00000000000001e8       0x30 ./src/LPCUSB/usbcontrol.o
 .debug_ranges  0x0000000000000218       0xa8 ./src/LPCUSB/usbhw_lpc.o
 .debug_ranges  0x00000000000002c0       0x18 ./src/LPCUSB/usbinit.o
 .debug_ranges  0x00000000000002d8       0x48 ./src/LPCUSB/usbstdreq.o
 .debug_ranges  0x0000000000000320       0x40 ./src/FreeRTOS/portable/MemMang/heap_4.o
 .debug_ranges  0x0000000000000360       0x60 ./src/FreeRTOS/portable/GCC/ARM_CM3/port.o
 .debug_ranges  0x00000000000003c0       0x30 ./src/FreeRTOS/list.o
 .debug_ranges  0x00000000000003f0      0x110 ./src/FreeRTOS/queue.o
 .debug_ranges  0x0000000000000500      0x1e8 ./src/FreeRTOS/tasks.o
 .debug_ranges  0x00000000000006e8       0x28 ./src/Common Demo Tasks/BlockQ.o
 .debug_ranges  0x0000000000000710       0x48 ./src/Common Demo Tasks/GenQTest.o
 .debug_ranges  0x0000000000000758       0x28 ./src/Common Demo Tasks/PollQ.o
 .debug_ranges  0x0000000000000780       0x38 ./src/Common Demo Tasks/QPeek.o
 .debug_ranges  0x00000000000007b8       0x30 ./src/Common Demo Tasks/blocktim.o
 .debug_ranges  0x00000000000007e8       0x20 ./src/Common Demo Tasks/integer.o
 .debug_ranges  0x0000000000000808       0x30 ./src/Common Demo Tasks/recmutex.o
 .debug_ranges  0x0000000000000838       0x20 ./src/Common Demo Tasks/semtest.o
 .debug_ranges  0x0000000000000858       0x28 ./src/ParTest.o
 .debug_ranges  0x0000000000000880       0x48 ./src/cr_startup_lpc17.o
 .debug_ranges  0x00000000000008c8       0x20 ./src/game.o
 .debug_ranges  0x00000000000008e8       0xa8 ./src/main.o
 .debug_ranges  0x0000000000000990       0xe8 ./lib/lpc17xx_gpio.o

.debug_macro    0x0000000000000000     0x60c6
 .debug_macro   0x0000000000000000      0x141 ./src/webserver/emac.o
 .debug_macro   0x0000000000000141      0xa6c ./src/webserver/emac.o
 .debug_macro   0x0000000000000bad       0x10 ./src/webserver/emac.o
 .debug_macro   0x0000000000000bbd      0x12d ./src/webserver/emac.o
 .debug_macro   0x0000000000000cea       0x16 ./src/webserver/emac.o
 .debug_macro   0x0000000000000d00      0x5b2 ./src/webserver/emac.o
 .debug_macro   0x00000000000012b2       0x1c ./src/webserver/emac.o
 .debug_macro   0x00000000000012ce      0x7d5 ./src/webserver/emac.o
 .debug_macro   0x0000000000001aa3      0x2c7 ./src/webserver/emac.o
 .debug_macro   0x0000000000001d6a      0x154 ./src/webserver/emac.o
 .debug_macro   0x0000000000001ebe      0x15a ./src/webserver/emac.o
 .debug_macro   0x0000000000002018       0xdd ./src/webserver/emac.o
 .debug_macro   0x00000000000020f5       0x1c ./src/webserver/emac.o
 .debug_macro   0x0000000000002111       0x26 ./src/webserver/emac.o
 .debug_macro   0x0000000000002137      0x4da ./src/webserver/emac.o
 .debug_macro   0x0000000000002611       0xb5 ./src/webserver/emac.o
 .debug_macro   0x00000000000026c6       0xaa ./src/webserver/emac.o
 .debug_macro   0x0000000000002770       0x80 ./src/webserver/emac.o
 .debug_macro   0x00000000000027f0       0x7e ./src/webserver/emac.o
 .debug_macro   0x000000000000286e      0x57b ./src/webserver/emac.o
 .debug_macro   0x0000000000002de9      0x1fc ./src/webserver/uIP_Task.o
 .debug_macro   0x0000000000002fe5       0x22 ./src/webserver/uIP_Task.o
 .debug_macro   0x0000000000003007       0x43 ./src/webserver/uIP_Task.o
 .debug_macro   0x000000000000304a       0x23 ./src/webserver/uIP_Task.o
 .debug_macro   0x000000000000306d       0x10 ./src/webserver/uIP_Task.o
 .debug_macro   0x000000000000307d       0x16 ./src/webserver/uIP_Task.o
 .debug_macro   0x0000000000003093       0x10 ./src/webserver/uIP_Task.o
 .debug_macro   0x00000000000030a3       0xbb ./src/LPCUSB/GLCD.o
 .debug_macro   0x000000000000315e       0x28 ./src/LPCUSB/GLCD.o
 .debug_macro   0x0000000000003186       0x1c ./src/LPCUSB/GLCD.o
 .debug_macro   0x00000000000031a2      0x2c7 ./src/LPCUSB/GLCD.o
 .debug_macro   0x0000000000003469       0xa6 ./src/LPCUSB/GLCD.o
 .debug_macro   0x000000000000350f       0x6b ./src/LPCUSB/LED.o
 .debug_macro   0x000000000000357a       0x22 ./src/LPCUSB/LED.o
 .debug_macro   0x000000000000359c      0x7b7 ./src/LPCUSB/LED.o
 .debug_macro   0x0000000000003d53       0x46 ./src/LPCUSB/LED.o
 .debug_macro   0x0000000000003d99      0x19d ./src/LPCUSB/USB_CDC.o
 .debug_macro   0x0000000000003f36       0x9a ./src/LPCUSB/USB_CDC.o
 .debug_macro   0x0000000000003fd0       0x16 ./src/LPCUSB/USB_CDC.o
 .debug_macro   0x0000000000003fe6      0x118 ./src/LPCUSB/USB_CDC.o
 .debug_macro   0x00000000000040fe       0x5e ./src/LPCUSB/USB_CDC.o
 .debug_macro   0x000000000000415c       0x10 ./src/LPCUSB/USB_CDC.o
 .debug_macro   0x000000000000416c       0x72 ./src/LPCUSB/usbcontrol.o
 .debug_macro   0x00000000000041de       0xb4 ./src/LPCUSB/usbhw_lpc.o
 .debug_macro   0x0000000000004292      0x1c0 ./src/LPCUSB/usbhw_lpc.o
 .debug_macro   0x0000000000004452       0x66 ./src/LPCUSB/usbinit.o
 .debug_macro   0x00000000000044b8       0x9c ./src/LPCUSB/usbstdreq.o
 .debug_macro   0x0000000000004554      0x106 ./src/FreeRTOS/portable/MemMang/heap_4.o
 .debug_macro   0x000000000000465a      0x17c ./src/FreeRTOS/portable/GCC/ARM_CM3/port.o
 .debug_macro   0x00000000000047d6       0xdf ./src/FreeRTOS/list.o
 .debug_macro   0x00000000000048b5      0x14c ./src/FreeRTOS/queue.o
 .debug_macro   0x0000000000004a01      0x1c2 ./src/FreeRTOS/tasks.o
 .debug_macro   0x0000000000004bc3       0x91 ./src/FreeRTOS/tasks.o
 .debug_macro   0x0000000000004c54       0x10 ./src/FreeRTOS/tasks.o
 .debug_macro   0x0000000000004c64      0x117 ./src/Common Demo Tasks/BlockQ.o
 .debug_macro   0x0000000000004d7b      0x154 ./src/Common Demo Tasks/GenQTest.o
 .debug_macro   0x0000000000004ecf      0x135 ./src/Common Demo Tasks/PollQ.o
 .debug_macro   0x0000000000005004      0x148 ./src/Common Demo Tasks/QPeek.o
 .debug_macro   0x000000000000514c      0x139 ./src/Common Demo Tasks/blocktim.o
 .debug_macro   0x0000000000005285      0x122 ./src/Common Demo Tasks/integer.o
 .debug_macro   0x00000000000053a7      0x136 ./src/Common Demo Tasks/recmutex.o
 .debug_macro   0x00000000000054dd      0x138 ./src/Common Demo Tasks/semtest.o
 .debug_macro   0x0000000000005615       0xef ./src/ParTest.o
 .debug_macro   0x0000000000005704       0x1d ./src/cr_startup_lpc17.o
 .debug_macro   0x0000000000005721       0x1e ./src/game.o
 .debug_macro   0x000000000000573f      0x228 ./src/main.o
 .debug_macro   0x0000000000005967       0x5f ./src/main.o
 .debug_macro   0x00000000000059c6       0x40 ./src/main.o
 .debug_macro   0x0000000000005a06      0x124 ./src/main.o
 .debug_macro   0x0000000000005b2a      0x146 ./src/main.o
 .debug_macro   0x0000000000005c70       0x22 ./src/main.o
 .debug_macro   0x0000000000005c92      0x33e ./src/main.o
 .debug_macro   0x0000000000005fd0       0x16 ./src/main.o
 .debug_macro   0x0000000000005fe6       0x40 ./src/main.o
 .debug_macro   0x0000000000006026       0x1d ./src/main.o
 .debug_macro   0x0000000000006043       0x83 ./lib/lpc17xx_gpio.o

.debug_line     0x0000000000000000     0x7ea1
 .debug_line    0x0000000000000000      0x584 ./src/webserver/emac.o
 .debug_line    0x0000000000000584      0x637 ./src/webserver/uIP_Task.o
 .debug_line    0x0000000000000bbb      0x55c ./src/LPCUSB/GLCD.o
 .debug_line    0x0000000000001117      0x2a4 ./src/LPCUSB/LED.o
 .debug_line    0x00000000000013bb      0x52f ./src/LPCUSB/USB_CDC.o
 .debug_line    0x00000000000018ea      0x248 ./src/LPCUSB/usbcontrol.o
 .debug_line    0x0000000000001b32      0x46e ./src/LPCUSB/usbhw_lpc.o
 .debug_line    0x0000000000001fa0      0x1d2 ./src/LPCUSB/usbinit.o
 .debug_line    0x0000000000002172      0x2bb ./src/LPCUSB/usbstdreq.o
 .debug_line    0x000000000000242d      0x425 ./src/FreeRTOS/portable/MemMang/heap_4.o
 .debug_line    0x0000000000002852      0x454 ./src/FreeRTOS/portable/GCC/ARM_CM3/port.o
 .debug_line    0x0000000000002ca6      0x39e ./src/FreeRTOS/list.o
 .debug_line    0x0000000000003044      0x851 ./src/FreeRTOS/queue.o
 .debug_line    0x0000000000003895      0xd4d ./src/FreeRTOS/tasks.o
 .debug_line    0x00000000000045e2      0x45d ./src/Common Demo Tasks/BlockQ.o
 .debug_line    0x0000000000004a3f      0x577 ./src/Common Demo Tasks/GenQTest.o
 .debug_line    0x0000000000004fb6      0x44b ./src/Common Demo Tasks/PollQ.o
 .debug_line    0x0000000000005401      0x49a ./src/Common Demo Tasks/QPeek.o
 .debug_line    0x000000000000589b      0x512 ./src/Common Demo Tasks/blocktim.o
 .debug_line    0x0000000000005dad      0x429 ./src/Common Demo Tasks/integer.o
 .debug_line    0x00000000000061d6      0x49c ./src/Common Demo Tasks/recmutex.o
 .debug_line    0x0000000000006672      0x460 ./src/Common Demo Tasks/semtest.o
 .debug_line    0x0000000000006ad2      0x3d9 ./src/ParTest.o
 .debug_line    0x0000000000006eab       0xf0 ./src/cr_startup_lpc17.o
 .debug_line    0x0000000000006f9b      0x102 ./src/game.o
 .debug_line    0x000000000000709d      0x87d ./src/main.o
 .debug_line    0x000000000000791a      0x587 ./lib/lpc17xx_gpio.o

.debug_str      0x0000000000000000    0x1a4ab
 .debug_str     0x0000000000000000     0xec21 ./src/webserver/emac.o
                                       0xed38 (size before relaxing)
 .debug_str     0x000000000000ec21     0x2460 ./src/webserver/uIP_Task.o
                                      0x10cf0 (size before relaxing)
 .debug_str     0x0000000000011081      0x468 ./src/LPCUSB/GLCD.o
                                       0x8b9b (size before relaxing)
 .debug_str     0x00000000000114e9       0xec ./src/LPCUSB/LED.o
                                       0x8637 (size before relaxing)
 .debug_str     0x00000000000115d5      0xb52 ./src/LPCUSB/USB_CDC.o
                                       0xda07 (size before relaxing)
 .debug_str     0x0000000000012127       0xf4 ./src/LPCUSB/usbcontrol.o
                                       0x3ca7 (size before relaxing)
 .debug_str     0x000000000001221b      0xb2e ./src/LPCUSB/usbhw_lpc.o
                                       0x9a37 (size before relaxing)
 .debug_str     0x0000000000012d49       0x47 ./src/LPCUSB/usbinit.o
                                       0x3b8d (size before relaxing)
 .debug_str     0x0000000000012d90      0x250 ./src/LPCUSB/usbstdreq.o
                                       0x3e08 (size before relaxing)
 .debug_str     0x0000000000012fe0      0x293 ./src/FreeRTOS/portable/MemMang/heap_4.o
                                       0xc5d4 (size before relaxing)
 .debug_str     0x0000000000013273      0x695 ./src/FreeRTOS/portable/GCC/ARM_CM3/port.o
                                       0xc9a8 (size before relaxing)
 .debug_str     0x0000000000013908      0x116 ./src/FreeRTOS/list.o
                                       0xbe05 (size before relaxing)
 .debug_str     0x0000000000013a1e      0x7e7 ./src/FreeRTOS/queue.o
                                       0xd41e (size before relaxing)
 .debug_str     0x0000000000014205     0x1cff ./src/FreeRTOS/tasks.o
                                       0xe61d (size before relaxing)
 .debug_str     0x0000000000015f04      0x262 ./src/Common Demo Tasks/BlockQ.o
                                       0xcd2c (size before relaxing)
 .debug_str     0x0000000000016166      0x37c ./src/Common Demo Tasks/GenQTest.o
                                       0xd586 (size before relaxing)
 .debug_str     0x00000000000164e2      0x21e ./src/Common Demo Tasks/PollQ.o
                                       0xcd1a (size before relaxing)
 .debug_str     0x0000000000016700      0x1fb ./src/Common Demo Tasks/QPeek.o
                                       0xd418 (size before relaxing)
 .debug_str     0x00000000000168fb      0x379 ./src/Common Demo Tasks/blocktim.o
                                       0xcde0 (size before relaxing)
 .debug_str     0x0000000000016c74      0x1b1 ./src/Common Demo Tasks/integer.o
                                       0xc542 (size before relaxing)
 .debug_str     0x0000000000016e25      0x312 ./src/Common Demo Tasks/recmutex.o
                                       0xd4b3 (size before relaxing)
 .debug_str     0x0000000000017137      0x235 ./src/Common Demo Tasks/semtest.o
                                       0xd45c (size before relaxing)
 .debug_str     0x000000000001736c      0x108 ./src/ParTest.o
                                       0xb737 (size before relaxing)
 .debug_str     0x0000000000017474      0x11d ./src/cr_startup_lpc17.o
                                       0x2e51 (size before relaxing)
 .debug_str     0x0000000000017591       0x54 ./src/game.o
                                       0x2f4a (size before relaxing)
 .debug_str     0x00000000000175e5     0x2a92 ./src/main.o
                                       0xf76d (size before relaxing)
 .debug_str     0x000000000001a077      0x434 ./lib/lpc17xx_gpio.o
                                       0x8d48 (size before relaxing)

.comment        0x0000000000000000       0x7f
 .comment       0x0000000000000000       0x7f ./src/webserver/emac.o
                                         0x80 (size before relaxing)
 .comment       0x000000000000007f       0x80 ./src/webserver/uIP_Task.o
 .comment       0x000000000000007f       0x80 ./src/LPCUSB/GLCD.o
 .comment       0x000000000000007f       0x80 ./src/LPCUSB/LED.o
 .comment       0x000000000000007f       0x80 ./src/LPCUSB/USB_CDC.o
 .comment       0x000000000000007f       0x80 ./src/LPCUSB/usbcontrol.o
 .comment       0x000000000000007f       0x80 ./src/LPCUSB/usbhw_lpc.o
 .comment       0x000000000000007f       0x80 ./src/LPCUSB/usbinit.o
 .comment       0x000000000000007f       0x80 ./src/LPCUSB/usbstdreq.o
 .comment       0x000000000000007f       0x80 ./src/FreeRTOS/portable/MemMang/heap_4.o
 .comment       0x000000000000007f       0x80 ./src/FreeRTOS/portable/GCC/ARM_CM3/port.o
 .comment       0x000000000000007f       0x80 ./src/FreeRTOS/list.o
 .comment       0x000000000000007f       0x80 ./src/FreeRTOS/queue.o
 .comment       0x000000000000007f       0x80 ./src/FreeRTOS/tasks.o
 .comment       0x000000000000007f       0x80 ./src/Common Demo Tasks/BlockQ.o
 .comment       0x000000000000007f       0x80 ./src/Common Demo Tasks/GenQTest.o
 .comment       0x000000000000007f       0x80 ./src/Common Demo Tasks/PollQ.o
 .comment       0x000000000000007f       0x80 ./src/Common Demo Tasks/QPeek.o
 .comment       0x000000000000007f       0x80 ./src/Common Demo Tasks/blocktim.o
 .comment       0x000000000000007f       0x80 ./src/Common Demo Tasks/integer.o
 .comment       0x000000000000007f       0x80 ./src/Common Demo Tasks/recmutex.o
 .comment       0x000000000000007f       0x80 ./src/Common Demo Tasks/semtest.o
 .comment       0x000000000000007f       0x80 ./src/ParTest.o
 .comment       0x000000000000007f       0x80 ./src/cr_startup_lpc17.o
 .comment       0x000000000000007f       0x80 ./src/game.o
 .comment       0x000000000000007f       0x80 ./src/main.o
 .comment       0x000000000000007f       0x80 ./lib/lpc17xx_gpio.o
 .comment       0x000000000000007f       0x80 /Applications/MCUXpressoIDE_10.3.1_2233/ide/plugins/com.nxp.mcuxpresso.tools.macosx_10.3.0.201811011841/tools/bin/../lib/gcc/arm-none-eabi/7.3.1/../../../../arm-none-eabi/lib/thumb/v7-m/libcr_c.a(memcpy.o)
 .comment       0x000000000000007f       0x80 /Applications/MCUXpressoIDE_10.3.1_2233/ide/plugins/com.nxp.mcuxpresso.tools.macosx_10.3.0.201811011841/tools/bin/../lib/gcc/arm-none-eabi/7.3.1/../../../../arm-none-eabi/lib/thumb/v7-m/libcr_c.a(memset.o)
 .comment       0x000000000000007f       0x80 /Applications/MCUXpressoIDE_10.3.1_2233/ide/plugins/com.nxp.mcuxpresso.tools.macosx_10.3.0.201811011841/tools/bin/../lib/gcc/arm-none-eabi/7.3.1/../../../../arm-none-eabi/lib/thumb/v7-m/libcr_c.a(__weak__main.o)

.ARM.attributes
                0x0000000000000000       0x31
 .ARM.attributes
                0x0000000000000000       0x33 ./src/webserver/emac.o
 .ARM.attributes
                0x0000000000000033       0x33 ./src/webserver/uIP_Task.o
 .ARM.attributes
                0x0000000000000066       0x33 ./src/LPCUSB/GLCD.o
 .ARM.attributes
                0x0000000000000099       0x33 ./src/LPCUSB/LED.o
 .ARM.attributes
                0x00000000000000cc       0x33 ./src/LPCUSB/USB_CDC.o
 .ARM.attributes
                0x00000000000000ff       0x33 ./src/LPCUSB/usbcontrol.o
 .ARM.attributes
                0x0000000000000132       0x33 ./src/LPCUSB/usbhw_lpc.o
 .ARM.attributes
                0x0000000000000165       0x33 ./src/LPCUSB/usbinit.o
 .ARM.attributes
                0x0000000000000198       0x33 ./src/LPCUSB/usbstdreq.o
 .ARM.attributes
                0x00000000000001cb       0x33 ./src/FreeRTOS/portable/MemMang/heap_4.o
 .ARM.attributes
                0x00000000000001fe       0x33 ./src/FreeRTOS/portable/GCC/ARM_CM3/port.o
 .ARM.attributes
                0x0000000000000231       0x33 ./src/FreeRTOS/list.o
 .ARM.attributes
                0x0000000000000264       0x33 ./src/FreeRTOS/queue.o
 .ARM.attributes
                0x0000000000000297       0x33 ./src/FreeRTOS/tasks.o
 .ARM.attributes
                0x00000000000002ca       0x33 ./src/Common Demo Tasks/BlockQ.o
 .ARM.attributes
                0x00000000000002fd       0x33 ./src/Common Demo Tasks/GenQTest.o
 .ARM.attributes
                0x0000000000000330       0x33 ./src/Common Demo Tasks/PollQ.o
 .ARM.attributes
                0x0000000000000363       0x33 ./src/Common Demo Tasks/QPeek.o
 .ARM.attributes
                0x0000000000000396       0x33 ./src/Common Demo Tasks/blocktim.o
 .ARM.attributes
                0x00000000000003c9       0x33 ./src/Common Demo Tasks/integer.o
 .ARM.attributes
                0x00000000000003fc       0x33 ./src/Common Demo Tasks/recmutex.o
 .ARM.attributes
                0x000000000000042f       0x33 ./src/Common Demo Tasks/semtest.o
 .ARM.attributes
                0x0000000000000462       0x33 ./src/ParTest.o
 .ARM.attributes
                0x0000000000000495       0x33 ./src/cr_startup_lpc17.o
 .ARM.attributes
                0x00000000000004c8       0x33 ./src/game.o
 .ARM.attributes
                0x00000000000004fb       0x33 ./src/main.o
 .ARM.attributes
                0x000000000000052e       0x33 ./lib/lpc17xx_gpio.o
 .ARM.attributes
                0x0000000000000561       0x33 /Applications/MCUXpressoIDE_10.3.1_2233/ide/plugins/com.nxp.mcuxpresso.tools.macosx_10.3.0.201811011841/tools/bin/../lib/gcc/arm-none-eabi/7.3.1/../../../../arm-none-eabi/lib/thumb/v7-m/libcr_c.a(memcpy.o)
 .ARM.attributes
                0x0000000000000594       0x33 /Applications/MCUXpressoIDE_10.3.1_2233/ide/plugins/com.nxp.mcuxpresso.tools.macosx_10.3.0.201811011841/tools/bin/../lib/gcc/arm-none-eabi/7.3.1/../../../../arm-none-eabi/lib/thumb/v7-m/libcr_c.a(memset.o)
 .ARM.attributes
                0x00000000000005c7       0x33 /Applications/MCUXpressoIDE_10.3.1_2233/ide/plugins/com.nxp.mcuxpresso.tools.macosx_10.3.0.201811011841/tools/bin/../lib/gcc/arm-none-eabi/7.3.1/../../../../arm-none-eabi/lib/thumb/v7-m/libcr_c.a(__weak__main.o)
 .ARM.attributes
                0x00000000000005fa       0x21 /Applications/MCUXpressoIDE_10.3.1_2233/ide/plugins/com.nxp.mcuxpresso.tools.macosx_10.3.0.201811011841/tools/bin/../lib/gcc/arm-none-eabi/7.3.1/thumb/v7-m/libcr_eabihelpers.a(memcpy.o)

.debug_frame    0x0000000000000000     0x2cb0
 .debug_frame   0x0000000000000000      0x1c8 ./src/webserver/emac.o
 .debug_frame   0x00000000000001c8      0x12c ./src/webserver/uIP_Task.o
 .debug_frame   0x00000000000002f4      0x30c ./src/LPCUSB/GLCD.o
 .debug_frame   0x0000000000000600       0xa8 ./src/LPCUSB/LED.o
 .debug_frame   0x00000000000006a8      0x19c ./src/LPCUSB/USB_CDC.o
 .debug_frame   0x0000000000000844       0xc8 ./src/LPCUSB/usbcontrol.o
 .debug_frame   0x000000000000090c      0x2e8 ./src/LPCUSB/usbhw_lpc.o
 .debug_frame   0x0000000000000bf4       0x54 ./src/LPCUSB/usbinit.o
 .debug_frame   0x0000000000000c48      0x140 ./src/LPCUSB/usbstdreq.o
 .debug_frame   0x0000000000000d88      0x108 ./src/FreeRTOS/portable/MemMang/heap_4.o
 .debug_frame   0x0000000000000e90      0x160 ./src/FreeRTOS/portable/GCC/ARM_CM3/port.o
 .debug_frame   0x0000000000000ff0       0xd8 ./src/FreeRTOS/list.o
 .debug_frame   0x00000000000010c8      0x4e4 ./src/FreeRTOS/queue.o
 .debug_frame   0x00000000000015ac      0x8a0 ./src/FreeRTOS/tasks.o
 .debug_frame   0x0000000000001e4c       0xa0 ./src/Common Demo Tasks/BlockQ.o
 .debug_frame   0x0000000000001eec      0x120 ./src/Common Demo Tasks/GenQTest.o
 .debug_frame   0x000000000000200c       0x9c ./src/Common Demo Tasks/PollQ.o
 .debug_frame   0x00000000000020a8       0xd4 ./src/Common Demo Tasks/QPeek.o
 .debug_frame   0x000000000000217c       0xc0 ./src/Common Demo Tasks/blocktim.o
 .debug_frame   0x000000000000223c       0x7c ./src/Common Demo Tasks/integer.o
 .debug_frame   0x00000000000022b8       0xbc ./src/Common Demo Tasks/recmutex.o
 .debug_frame   0x0000000000002374       0x80 ./src/Common Demo Tasks/semtest.o
 .debug_frame   0x00000000000023f4       0xa8 ./src/ParTest.o
 .debug_frame   0x000000000000249c       0xd8 ./src/cr_startup_lpc17.o
 .debug_frame   0x0000000000002574       0x84 ./src/game.o
 .debug_frame   0x00000000000025f8      0x290 ./src/main.o
 .debug_frame   0x0000000000002888      0x428 ./lib/lpc17xx_gpio.o
